
Memory Configuration

Name             Origin             Length             Attributes
Flash            0x08000000         0x00020000         xr
SRAM             0x20000000         0x00005000         xrw
*default*        0x00000000         0xffffffff

Linker script and memory map


.text           0x08000000      0x100
 *(.vectors*)
 .vectors       0x08000000       0x50 StartupS.o
 *(.text*)
 .text          0x08000050       0xa8 main.o
                0x08000050                main
 .text          0x080000f8        0x8 StartupS.o

.data           0x08000100        0x4
 .data          0x08000100        0x4 main.o
                0x08000100                R_ODR
 .data          0x08000104        0x0 StartupS.o

.igot.plt       0x08000104        0x0
 .igot.plt      0x00000000        0x0 main.o

.glue_7         0x08000104        0x0
 .glue_7        0x00000000        0x0 linker stubs

.glue_7t        0x08000104        0x0
 .glue_7t       0x00000000        0x0 linker stubs

.vfp11_veneer   0x08000104        0x0
 .vfp11_veneer  0x00000000        0x0 linker stubs

.v4_bx          0x08000104        0x0
 .v4_bx         0x00000000        0x0 linker stubs

.iplt           0x08000104        0x0
 .iplt          0x00000000        0x0 main.o

.rel.dyn        0x08000104        0x0
 .rel.iplt      0x00000000        0x0 main.o

.bss            0x20000000        0x0
 *(.bss*)
 .bss           0x20000000        0x0 main.o
 .bss           0x20000000        0x0 StartupS.o
LOAD main.o
LOAD StartupS.o
OUTPUT(Cortex-m3_lab2.elf elf32-littlearm)

.debug_info     0x00000000      0x16e
 .debug_info    0x00000000      0x11d main.o
 .debug_info    0x0000011d       0x51 StartupS.o

.debug_abbrev   0x00000000       0xd3
 .debug_abbrev  0x00000000       0xbf main.o
 .debug_abbrev  0x000000bf       0x14 StartupS.o

.debug_loc      0x00000000       0x38
 .debug_loc     0x00000000       0x38 main.o

.debug_aranges  0x00000000       0x40
 .debug_aranges
                0x00000000       0x20 main.o
 .debug_aranges
                0x00000020       0x20 StartupS.o

.debug_line     0x00000000       0xa6
 .debug_line    0x00000000       0x6a main.o
 .debug_line    0x0000006a       0x3c StartupS.o

.debug_str      0x00000000       0xbb
 .debug_str     0x00000000       0xbb main.o
                                 0xe2 (size before relaxing)

.comment        0x00000000       0x11
 .comment       0x00000000       0x11 main.o
                                 0x12 (size before relaxing)

.ARM.attributes
                0x00000000       0x31
 .ARM.attributes
                0x00000000       0x33 main.o
 .ARM.attributes
                0x00000033       0x21 StartupS.o

.debug_frame    0x00000000       0x2c
 .debug_frame   0x00000000       0x2c main.o
