
Memory Configuration

Name             Origin             Length             Attributes
flash            0x00000000         0x00020000         xr
SRAM             0x20000000         0x00005000         xrw
*default*        0x00000000         0xffffffff

Linker script and memory map


.text           0x00000000      0x208
 *(.vectors)
 .vectors       0x00000000       0x1c Startup.o
                0x00000000                vectors
 *(.text*)
 .text          0x0000001c      0x130 main.o
                0x0000001c                main
 .text          0x0000014c       0xbc Startup.o
                0x0000014c                Bus_Fault_Handler
                0x0000014c                H_Fault_Handler
                0x0000014c                MM_Fault_Handler
                0x0000014c                Usage_Fault_Handler
                0x0000014c                Default_Handler
                0x0000014c                NMI_Handler
                0x00000158                Reset_Handler
 *(.rodata)
                0x00000208                _E_text = .

.glue_7         0x00000208        0x0
 .glue_7        0x00000000        0x0 linker stubs

.glue_7t        0x00000208        0x0
 .glue_7t       0x00000000        0x0 linker stubs

.vfp11_veneer   0x00000208        0x0
 .vfp11_veneer  0x00000000        0x0 linker stubs

.v4_bx          0x00000208        0x0
 .v4_bx         0x00000000        0x0 linker stubs

.iplt           0x00000208        0x0
 .iplt          0x00000000        0x0 main.o

.rel.dyn        0x00000208        0x0
 .rel.iplt      0x00000000        0x0 main.o

.data           0x20000000        0x0 load address 0x00000208
                0x20000000                _S_data = .
 *(.data)
 .data          0x20000000        0x0 main.o
 .data          0x20000000        0x0 Startup.o
                0x20000000                . = ALIGN (0x4)
                0x20000000                _E_data = .

.igot.plt       0x20000000        0x0 load address 0x00000208
 .igot.plt      0x00000000        0x0 main.o

.bss            0x20000000      0x400 load address 0x00000208
                0x20000000                _S_bss = .
 *(.bss)
 .bss           0x20000000        0x0 main.o
 .bss           0x20000000      0x400 Startup.o
                0x20000400                . = ALIGN (0x4)
                0x20000400                _E_bss = .
LOAD main.o
LOAD Startup.o
OUTPUT(Cortex-m4_lab3.elf elf32-littlearm)

.debug_info     0x00000000      0x250
 .debug_info    0x00000000       0xa9 main.o
 .debug_info    0x000000a9      0x1a7 Startup.o

.debug_abbrev   0x00000000      0x13a
 .debug_abbrev  0x00000000       0x67 main.o
 .debug_abbrev  0x00000067       0xd3 Startup.o

.debug_loc      0x00000000       0x9c
 .debug_loc     0x00000000       0x38 main.o
 .debug_loc     0x00000038       0x64 Startup.o

.debug_aranges  0x00000000       0x40
 .debug_aranges
                0x00000000       0x20 main.o
 .debug_aranges
                0x00000020       0x20 Startup.o

.debug_line     0x00000000       0xf2
 .debug_line    0x00000000       0x77 main.o
 .debug_line    0x00000077       0x7b Startup.o

.debug_str      0x00000000      0x13f
 .debug_str     0x00000000       0x9e main.o
                                 0xbc (size before relaxing)
 .debug_str     0x0000009e       0xa1 Startup.o
                                0x142 (size before relaxing)

.comment        0x00000000       0x11
 .comment       0x00000000       0x11 main.o
                                 0x12 (size before relaxing)
 .comment       0x00000000       0x12 Startup.o

.ARM.attributes
                0x00000000       0x33
 .ARM.attributes
                0x00000000       0x33 main.o
 .ARM.attributes
                0x00000033       0x33 Startup.o

.debug_frame    0x00000000       0x78
 .debug_frame   0x00000000       0x2c main.o
 .debug_frame   0x0000002c       0x4c Startup.o
