
Memory Configuration

Name             Origin             Length             Attributes
MEM              0x00000000         0x04000000         xrw
*default*        0x00000000         0xffffffff

Linker script and memory map

                0x00010000                . = 0x10000

.reset          0x00010000       0x10
 Startup.o(.text)
 .text          0x00010000       0x10 Startup.o
                0x00010000                reset

.text           0x00010010       0x70
 *(.text)
 .text          0x00010010       0x50 Uart.o
                0x00010010                Uart0DR_Recieving_String
 .text          0x00010060       0x20 app.o
                0x00010060                main
 *(.rodata)

.glue_7         0x00010080        0x0
 .glue_7        0x00000000        0x0 linker stubs

.glue_7t        0x00010080        0x0
 .glue_7t       0x00000000        0x0 linker stubs

.vfp11_veneer   0x00010080        0x0
 .vfp11_veneer  0x00000000        0x0 linker stubs

.v4_bx          0x00010080        0x0
 .v4_bx         0x00000000        0x0 linker stubs

.iplt           0x00010080        0x0
 .iplt          0x00000000        0x0 Startup.o

.rel.dyn        0x00010080        0x0
 .rel.iplt      0x00000000        0x0 Startup.o

.data           0x00010080       0x64
 *(.data)
 .data          0x00010080        0x0 Startup.o
 .data          0x00010080        0x0 Uart.o
 .data          0x00010080       0x64 app.o
                0x00010080                string

.igot.plt       0x000100e4        0x0
 .igot.plt      0x00000000        0x0 Startup.o

.bss            0x000100e4        0x0
 *(.bss)
 .bss           0x000100e4        0x0 Startup.o
 .bss           0x000100e4        0x0 Uart.o
 .bss           0x000100e4        0x0 app.o
                0x000110e4                . = (. + 0x1000)
                0x000110e4                _stack_p = .
LOAD Uart.o
LOAD app.o
LOAD Startup.o
OUTPUT(Learn-In-Depth.elf elf32-littlearm)

.ARM.attributes
                0x00000000       0x2e
 .ARM.attributes
                0x00000000       0x22 Startup.o
 .ARM.attributes
                0x00000022       0x32 Uart.o
 .ARM.attributes
                0x00000054       0x32 app.o

.comment        0x00000000       0x11
 .comment       0x00000000       0x11 Uart.o
                                 0x12 (size before relaxing)
 .comment       0x00000000       0x12 app.o

.debug_line     0x00000000       0xad
 .debug_line    0x00000000       0x3a Startup.o
 .debug_line    0x0000003a       0x3d Uart.o
 .debug_line    0x00000077       0x36 app.o

.debug_info     0x00000000      0x172
 .debug_info    0x00000000       0x57 Startup.o
 .debug_info    0x00000057       0xa5 Uart.o
 .debug_info    0x000000fc       0x76 app.o

.debug_abbrev   0x00000000       0xd3
 .debug_abbrev  0x00000000       0x14 Startup.o
 .debug_abbrev  0x00000014       0x5a Uart.o
 .debug_abbrev  0x0000006e       0x65 app.o

.debug_aranges  0x00000000       0x60
 .debug_aranges
                0x00000000       0x20 Startup.o
 .debug_aranges
                0x00000020       0x20 Uart.o
 .debug_aranges
                0x00000040       0x20 app.o

.debug_loc      0x00000000       0x58
 .debug_loc     0x00000000       0x2c Uart.o
 .debug_loc     0x0000002c       0x2c app.o

.debug_str      0x00000000       0xbc
 .debug_str     0x00000000       0xb1 Uart.o
                                 0xea (size before relaxing)
 .debug_str     0x000000b1        0xb app.o
                                 0x5a (size before relaxing)

.debug_frame    0x00000000       0x54
 .debug_frame   0x00000000       0x28 Uart.o
 .debug_frame   0x00000028       0x2c app.o
