
Memory Configuration

Name             Origin             Length             Attributes
flash            0x08000000         0x00020000         xr
SRAM             0x20000000         0x00005000         xrw
*default*        0x00000000         0xffffffff

Linker script and memory map


.text           0x08000000      0x180
 *(.vectors*)
 .vectors       0x08000000       0x1c Startup.o
                0x08000000                vectors
 *(.text*)
 .text          0x0800001c       0xa8 main.o
                0x0800001c                main
 .text          0x080000c4       0xbc Startup.o
                0x080000c4                Bus_Fault_Handler
                0x080000c4                H_Fault_Handler
                0x080000c4                MM_Fault_Handler
                0x080000c4                Usage_Fault_Handler
                0x080000c4                Default_Handler
                0x080000c4                NMI_Handler
                0x080000d0                Reset_Handler
 *(.rodata*)
                0x08000180                _E_text = .

.glue_7         0x08000180        0x0
 .glue_7        0x00000000        0x0 linker stubs

.glue_7t        0x08000180        0x0
 .glue_7t       0x00000000        0x0 linker stubs

.vfp11_veneer   0x08000180        0x0
 .vfp11_veneer  0x00000000        0x0 linker stubs

.v4_bx          0x08000180        0x0
 .v4_bx         0x00000000        0x0 linker stubs

.iplt           0x08000180        0x0
 .iplt          0x00000000        0x0 main.o

.rel.dyn        0x08000180        0x0
 .rel.iplt      0x00000000        0x0 main.o

.data           0x20000000        0x4 load address 0x08000180
                0x20000000                _S_data = .
 *(.data*)
 .data          0x20000000        0x4 main.o
                0x20000000                R_ODR
 .data          0x20000004        0x0 Startup.o
                0x20000004                . = ALIGN (0x4)
                0x20000004                _E_data = .

.igot.plt       0x20000004        0x0 load address 0x08000184
 .igot.plt      0x00000000        0x0 main.o

.bss            0x20000004        0x0 load address 0x08000184
                0x20000004                _S_bss = .
 *(.bss*)
 .bss           0x20000004        0x0 main.o
 .bss           0x20000004        0x0 Startup.o
                0x20000004                . = ALIGN (0x4)
                0x20000004                _E_bss = .
                0x20001004                . = (. + 0x1000)
                0x20001004                _Stack_top = .
LOAD main.o
LOAD Startup.o
OUTPUT(Cortex-m3_lab2.elf elf32-littlearm)

.debug_info     0x00000000      0x29e
 .debug_info    0x00000000      0x11d main.o
 .debug_info    0x0000011d      0x181 Startup.o

.debug_abbrev   0x00000000      0x17f
 .debug_abbrev  0x00000000       0xbf main.o
 .debug_abbrev  0x000000bf       0xc0 Startup.o

.debug_loc      0x00000000       0x9c
 .debug_loc     0x00000000       0x38 main.o
 .debug_loc     0x00000038       0x64 Startup.o

.debug_aranges  0x00000000       0x40
 .debug_aranges
                0x00000000       0x20 main.o
 .debug_aranges
                0x00000020       0x20 Startup.o

.debug_line     0x00000000       0xe5
 .debug_line    0x00000000       0x6a main.o
 .debug_line    0x0000006a       0x7b Startup.o

.debug_str      0x00000000      0x161
 .debug_str     0x00000000       0xbb main.o
                                 0xe2 (size before relaxing)
 .debug_str     0x000000bb       0xa6 Startup.o
                                0x147 (size before relaxing)

.comment        0x00000000       0x11
 .comment       0x00000000       0x11 main.o
                                 0x12 (size before relaxing)
 .comment       0x00000000       0x12 Startup.o

.ARM.attributes
                0x00000000       0x33
 .ARM.attributes
                0x00000000       0x33 main.o
 .ARM.attributes
                0x00000033       0x33 Startup.o

.debug_frame    0x00000000       0x78
 .debug_frame   0x00000000       0x2c main.o
 .debug_frame   0x0000002c       0x4c Startup.o
